====================================================================================================
repo /home/brandon/code/september-play/data/bench2026
commit b90419639d3b7a6e2ee79f85cd68a2b991f46e81
$HOME for their scripts -> /home/brandon/code/september-play/data/bench2026_home (TFact -> repo). Their `~/TFact/...` paths are NOT patched.

--- PATCH 1/1: methord/decoupler/dcp_cond.py (a copy; dcp.py itself is untouched and is what
    the anchor and the masked condition run). It only (i) lets --net name an arbitrary
    dataset/net_<name>.csv and (ii) reads the method list from $TFACT_METHODS so the 12
    network-side runs can skip waggr/gsea/gsva/viper/mdt/udt. No scoring code is changed.
    --- dcp.py
    +++ dcp_cond.py
    @@ -38,3 +38,3 @@
     else:
    -    print("Net not supported!")
    +    netfile=os.path.expanduser(f"~/TFact/dataset/net_{net0}.csv")
         
    @@ -49,8 +49,6 @@
     
    -try:
    -    dc.mt.waggr(adata, Net, tmin=3)
    -except :
    +if 'waggr' in os.environ['TFACT_METHODS']:
         dc.mt.waggr(adata, Net, tmin=3)
     
    -for method_name in ['ulm','aucell','viper','gsea','gsva','mdt','mlm','ora','udt','zscore']:
    +for method_name in os.environ['TFACT_METHODS'].split(','):
         try:
    @@ -65,3 +63,3 @@
     
    -for p_name in ['waggr','ulm','aucell','viper','gsea','gsva','mdt','mlm','ora','udt','zscore']:
    +for p_name in os.environ['TFACT_METHODS'].split(','):
         try:
    @@ -74,5 +72,5 @@
     
    -dc.mt.consensus(adata)
    +if len(os.environ['TFACT_METHODS'].split(',')) > 1: dc.mt.consensus(adata)
     
    -for i in ['ulm','aucell','viper','gsea','gsva','mdt','mlm','ora','udt','waggr','zscore','consensus']:
    +for i in os.environ['TFACT_METHODS'].split(','):
         try:

--- PATCH 0/1: result/auc/auc.py is run UNPATCHED. Its `auprc` used-before-assignment bug is on
    line 86, inside `if Type == 'Activation'`; Dox is an Inhibition dataset, so that branch is
    never taken and the bug is not on this path. dataset/filter.py (the `.asType` bug) is not on
    this path either: the repo ships the filtered.h5ad.
    Noted, not patched, because nothing here depends on it: auc.py line 222 dumps
    result/auc/rank/<name>_<method>.csv AFTER the `if(True)` random block has rebound `df_rank`,
    so that per-cell file holds RANDOM ranks for every method. The headline au_rank.csv (line 129)
    is computed before the rebinding and is correct. This script therefore recomputes the per-cell
    rank fractions with a verbatim copy of their lines 97-129 instead of reading that dump.

net_collectri_filter.csv: 36454 edges, 861 TFs, 388 self-edges; TP53 regulon 980 edges; TP53 is a target of 108 other TFs
  shuffle check: degree+sign-mix preserved = True; 13.0% of original edges survive seed 0 (388 of them are the held-out self-edges = 1.1%)
  masked h5ad: TP53 counts now all zero = True; it was nonzero in 95/617 cells; 95 matrix entries differ
  cells: 197 TP53, 420 CTRL

running their dcp.py (unpatched) for the anchor and the masked condition, and dcp_cond.py for the rest

====================================================================================================
ANCHOR: their dcp.py + their auc.py, unpatched, on their shipped Dox/filtered.h5ad
metric           ours   shipped (their result/auc/*.csv)
auroc_cell     0.9572                             0.9572
auprc_cell     0.9231                             0.9231
au_rank        0.0633                             0.0633
au_epr         0.0000                             0.0000
auroc          0.9137                             0.8727   (consensus)
their own 'random' AUROC column for this dataset: 0.4939 (rank 0.5038)

scored TFs 613; with a self-edge 346; holding TP53 in their regulon 106; internal null group (neither) 243

====================================================================================================
ULM + CollecTRI on their pipeline. auroc/auprc/rank are THEIR metrics from THEIR auc.py.
ci = 2.5-97.5 percentile of 2000 bootstrap resamples of the 617 CELLS (seed 0); the unit is
cells, not experiments: this is n=1 dataset, n=1 perturbed TF. top10/top5/better/worse are over
the 197 perturbed cells, using their per-cell rank of TP53 among the scored TFs; better/worse
are paired against the anchor (unmasked ULM) cell by cell.
d_holds / d_null: mean |dAUROC| vs anchor over the TFs holding TP53 in their regulon, and over
the internal null group (no self-edge, TP53 not a target).
                         auroc             ci  auprc   rank  top10   top5  better  worse      nTF  d_holds  d_null
anchor                  0.9572  [0.940,0.971] 0.9231 0.0633 0.8376 0.6904  0.0000 0.0000 613.0000   0.0000  0.0000
(a) MASK own gene       0.9571  [0.940,0.971] 0.9223 0.0629 0.8376 0.6904  0.3249 0.6751 612.0000   0.0064  0.0000
(b) NOSELF edge         0.9571  [0.940,0.971] 0.9223 0.0635 0.8426 0.6853  0.1015 0.2284 613.0000   0.0000  0.0000
(c) NOOTHER regulons    0.9572  [0.940,0.971] 0.9231 0.0626 0.8376 0.6954  0.3807 0.6193 612.0000   0.0065  0.0000
SHUF x10 mean [min-max] 0.5496  [0.433,0.701] 0.3748 0.4940 0.0604 0.0223  0.0315 0.9685 581.5000   0.2213  0.2020

====================================================================================================
All methods their dcp.py loops over: THEIR AUROC, anchor vs (a) TP53's own gene masked
method        anchor   masked    delta  shipped |    rank  rank_m
waggr         0.9534   0.9512  -0.0022   0.9534 |  0.0677  0.0706
ulm           0.9572   0.9571  -0.0001   0.9572 |  0.0633  0.0629
aucell        0.6706   0.6646  -0.0060   0.6706 |  0.4249  0.4313
viper         0.5079   0.5056  -0.0023   0.5079 |  0.5111  0.5124
gsea          0.1812   0.1763  -0.0048   0.1812 |  0.7949  0.7904
gsva          0.5676   0.5648  -0.0027   0.5676 |  0.5148  0.5152
mlm           0.8280   0.8202  -0.0078   0.8280 |  0.1922  0.1991
ora           0.2636   0.4529  +0.1893   0.2636 |  0.6217  0.5767
zscore        0.9874   0.9874  -0.0001   0.9874 |  0.0272  0.0269
consensus     0.9137   0.9153  +0.0017   0.8727 |  0.1274  0.1233

Control for the above: one RANDOM gene of the same detection rate as TP53 zeroed instead (PRR11, detected in the same number of cells +/-20%).
method        anchor  randmask   d_rand   d_TP53
ulm           0.9572    0.9572  -0.0000  -0.0001
zscore        0.9874    0.9874  +0.0000  -0.0001
aucell        0.6706    0.6624  -0.0082  -0.0060
mlm           0.8280    0.8280  +0.0000  -0.0078
ora           0.2636    0.4007  +0.1370  +0.1893

====================================================================================================
INTERNAL CONTROL (ULM). Mean AUROC by TF group, and mean |dAUROC| vs anchor.
The null group can only move through the library-size change that masking causes; under the
two network conditions it cannot move at all, which is what the assert checks.
group                                                  anchor  (a) MASK own g  (b) NOSELF edg  (c) NOOTHER re
TP53 itself                                            0.9572        1.450e-04       1.450e-04       0.000e+00
holds TP53 in regulon (n=106)                          0.5450        6.435e-03       0.000e+00       6.451e-03
internal null: no self-edge, no TP53 (n=243)           0.5305        1.313e-05       0.000e+00       0.000e+00
has self-edge, no TP53 (n=263)                         0.5508        5.770e-05       0.000e+00       0.000e+00

====================================================================================================
TRANSFER TEST: anchor 0.9572; masking TP53 moves their headline AUROC by -0.0001; deleting only the self-edge by -0.0001.
Refutation threshold stated in the docstring was |delta| > 0.05 for 'the leak transfers'. DOES NOT TRANSFER at that threshold.

assert passed: TP53 zeroed in the masked matrix, shuffle preserves degree and sign mix, the internal null group and TP53's own column are untouched by the network edits that cannot reach them, and the anchor reproduces their shipped ULM_CollecTRI AUROC to within 0.02.
