ulm            top10%=0.45 top5%=0.35
ulm hub_corr (mean |score| vs TF-TF degree) = 0.63
direction norm  alpha  top10  top5  better  worse  hub_corr
       up  sum   0.50   0.57  0.47    0.59   0.37      0.85
       up  sum   0.25   0.57  0.48    0.63   0.33      0.87
     both  sum   0.25   0.55  0.44    0.58   0.38      0.92
       up  sum   1.00   0.55  0.44    0.58   0.39      0.85
       up  sum   2.00   0.54  0.43    0.57   0.41      0.84
     both  sum   0.50   0.53  0.43    0.55   0.42      0.92
     both  sum   1.00   0.53  0.42    0.53   0.46      0.92
     both  sum   2.00   0.52  0.41    0.53   0.45      0.92
       up mean   1.00   0.51  0.42    0.61   0.33      0.32
       up mean   2.00   0.51  0.38    0.54   0.42      0.10
       up mean   0.50   0.49  0.41    0.65   0.25      0.52
     both mean   1.00   0.49  0.38    0.51   0.43      0.32
     both mean   0.50   0.48  0.37    0.54   0.35      0.51
       up mean   0.25   0.47  0.39    0.68   0.20      0.60
     both mean   0.25   0.46  0.36    0.59   0.27      0.59
     both mean   2.00   0.45  0.34    0.43   0.53      0.07
     down mean   0.25   0.45  0.35    0.39   0.46      0.59
     down mean   0.50   0.43  0.34    0.36   0.55      0.50
     down  sum   0.25   0.42  0.28    0.43   0.53      0.80
     down mean   1.00   0.41  0.29    0.32   0.62      0.29
     down  sum   0.50   0.38  0.27    0.41   0.57      0.81
     down  sum   1.00   0.35  0.23    0.38   0.61      0.82
     down  sum   2.00   0.33  0.21    0.36   0.63      0.82
     down mean   2.00   0.32  0.19    0.29   0.68      0.01

variant                          top10  top5  better worse
ulm                              0.45   0.35  0.00   0.00
up sum a=0.5                     0.57   0.47  0.59   0.37
up sum a=0.5 SHUF x10 mean       0.31   0.19  [0.28-0.33] [0.16-0.22]
up mean a=1                      0.51   0.42  0.61   0.33
up mean a=1 SHUF x10 mean        0.42   0.31  [0.41-0.43] [0.30-0.32]
ulm + 0.5*own mRNA               0.66   0.56  0.91   0.01
ulm + 1*own mRNA                 0.77   0.67  0.91   0.02
ulm + 2*own mRNA                 0.94   0.86  0.89   0.03
ulm + 1*own + up mean a=1        0.77   0.66  0.85   0.09

variant (own mRNA masked)        top10  top5  better worse
ulm                              0.34   0.28  0.00   0.00
up sum a=0.5                     0.28   0.16  0.42   0.57
up sum a=0.5 SHUF x10 mean       0.26   0.16  [0.24-0.27] [0.14-0.20]
up mean a=1                      0.34   0.22  0.39   0.57
up mean a=1 SHUF x10 mean        0.33   0.24  [0.31-0.35] [0.23-0.25]

four mask arms (better/worse are paired vs the SAME-seed, SAME-arm masked ulm)
                           top10  t10_lo  t10_hi   top5  better  worse
variant                                                               
any ulm                    0.452   0.452   0.452  0.355   0.000  0.000
any up sum a=0.5           0.566   0.566   0.566  0.473   0.594  0.370
any up sum a=0.5 SHUF      0.307   0.306   0.307  0.192   0.343  0.636
matched ulm                0.452   0.444   0.455  0.356   0.000  0.000
matched up sum a=0.5       0.566   0.566   0.566  0.472   0.596  0.366
matched up sum a=0.5 SHUF  0.307   0.306   0.309  0.192   0.343  0.636
coreg ulm                  0.437   0.437   0.437  0.362   0.000  0.000
coreg up sum a=0.5         0.563   0.563   0.563  0.459   0.595  0.358
coreg up sum a=0.5 SHUF    0.292   0.292   0.292  0.184   0.347  0.632
logfc ulm                  0.444   0.444   0.444  0.358   0.000  0.000
logfc up sum a=0.5         0.566   0.566   0.566  0.473   0.609  0.355
logfc up sum a=0.5 SHUF    0.300   0.300   0.300  0.189   0.343  0.636

reference rows above: unmasked ulm 0.45 / up sum a=0.5 0.57 ; perturbed-TF-masked ulm 0.34 / 0.28

what each arm actually zeroes (all seeds pooled; the perturbed TF's own logFC is median -1.68, |1.68|, and negative in 100% of experiments)
arm        n picks  median logFC  median |logFC|  frac exactly 0  frac |lfc|>=1
any           1940         0.000           0.066            0.36           0.05
matched       1940         0.000           0.131            0.19           0.07
coreg         1164        -1.601           1.601            0.00           0.70
logfc         1164        -1.464           1.464            0.00           0.89

matched arm regulon gap, mean |regulons(pick) - regulons(TF gene)|: 2.05 over all 388 experiments (what randmask.py prints), 2.69 over the 279 SCORED ones (V-007: 2.69); median regulons(TF gene) 8 all, 12 scored
coreg arm: the picked gene shares a mean of 5.1 upstream regulators with the perturbed TF's gene (median regulators of the TF's gene 8)

what each arm zeroes, restricted to the 279 SCORED experiments (the rows the hit rates are computed on; the table above pools all 388 experiments). The perturbed TF's own logFC is median -1.739 on these.
arm        n picks  median logFC  median |logFC|  frac exactly 0  frac |lfc|>=1
any           1395         0.000           0.062            0.35           0.04
matched       1395         0.000           0.134            0.15           0.07
coreg          837        -1.445           1.445            0.00           0.65
logfc          837        -1.423           1.423            0.00           0.87
coreg arm on the scored experiments: mean 6.32 shared upstream regulators (all 388: 5.09), median regulators of the TF's gene 12
experiments whose perturbed TF's gene has NO CollecTRI regulator: 53 of 388, 19 of them scored -- the coreg arm fills these with a gene sharing 0 regulators; the coreg-v arm below skips them instead

variant arms: skip-instead-of-fill + never zero an already-zero cell (coreg-v), regulon floor max(memb-3, 1) (logfc-v). One pass each: picks are deterministic.
                           top10   top5  better  worse  masked  skipped  orig_top10  delta
variant                                                                                   
coreg-v ulm                0.441  0.362   0.000  0.000     335       53       0.437  0.004
coreg-v up sum a=0.5       0.563  0.459   0.595  0.358     335       53       0.563  0.000
coreg-v up sum a=0.5 SHUF  0.292  0.184   0.347  0.632     335       53       0.292 -0.000
logfc-v ulm                0.444  0.358   0.000  0.000     388        0       0.444  0.000
logfc-v up sum a=0.5       0.566  0.473   0.609  0.355     388        0       0.566  0.000
logfc-v up sum a=0.5 SHUF  0.300  0.189   0.343  0.635     388        0       0.300  0.000
arm        n picks  median logFC  median |logFC|  frac exactly 0  frac |lfc|>=1   (scored picks only)
coreg-v        260        -1.467           1.467            0.00           0.67
logfc-v        279        -1.420           1.420            0.00           0.87
largest |top10 - original arm| = 0.004 -> both variants reproduce their arm (prediction: within 0.005)
