ulm            top10%=0.45 top5%=0.35
ulm hub_corr (mean |score| vs TF-TF degree) = 0.63
direction norm  alpha  top10  top5  better  worse  hub_corr
       up  sum   0.50   0.57  0.47    0.59   0.37      0.85
       up  sum   0.25   0.57  0.48    0.63   0.33      0.87
     both  sum   0.25   0.55  0.44    0.58   0.38      0.92
       up  sum   1.00   0.55  0.44    0.58   0.39      0.85
       up  sum   2.00   0.54  0.43    0.57   0.41      0.84
     both  sum   0.50   0.53  0.43    0.55   0.42      0.92
     both  sum   1.00   0.53  0.42    0.53   0.46      0.92
     both  sum   2.00   0.52  0.41    0.53   0.45      0.92
       up mean   1.00   0.51  0.42    0.61   0.33      0.32
       up mean   2.00   0.51  0.38    0.54   0.42      0.10
       up mean   0.50   0.49  0.41    0.65   0.25      0.52
     both mean   1.00   0.49  0.38    0.51   0.43      0.32
     both mean   0.50   0.48  0.37    0.54   0.35      0.51
       up mean   0.25   0.47  0.39    0.68   0.20      0.60
     both mean   0.25   0.46  0.36    0.59   0.27      0.59
     both mean   2.00   0.45  0.34    0.43   0.53      0.07
     down mean   0.25   0.45  0.35    0.39   0.46      0.59
     down mean   0.50   0.43  0.34    0.36   0.55      0.50
     down  sum   0.25   0.42  0.28    0.43   0.53      0.80
     down mean   1.00   0.41  0.29    0.32   0.62      0.29
     down  sum   0.50   0.38  0.27    0.41   0.57      0.81
     down  sum   1.00   0.35  0.23    0.38   0.61      0.82
     down  sum   2.00   0.33  0.21    0.36   0.63      0.82
     down mean   2.00   0.32  0.19    0.29   0.68      0.01

variant                          top10  top5  better worse
ulm                              0.45   0.35  0.00   0.00
up sum a=0.5                     0.57   0.47  0.59   0.37
up sum a=0.5 SHUF x10 mean       0.31   0.19  [0.28-0.33] [0.16-0.22]
up mean a=1                      0.51   0.42  0.61   0.33
up mean a=1 SHUF x10 mean        0.42   0.31  [0.41-0.43] [0.30-0.32]
ulm + 0.5*own mRNA               0.66   0.56  0.91   0.01
ulm + 1*own mRNA                 0.77   0.67  0.91   0.02
ulm + 2*own mRNA                 0.94   0.86  0.89   0.03
ulm + 1*own + up mean a=1        0.77   0.66  0.85   0.09

variant (own mRNA masked)        top10  top5  better worse
ulm                              0.34   0.28  0.00   0.00
up sum a=0.5                     0.28   0.16  0.42   0.57
up sum a=0.5 SHUF x10 mean       0.26   0.16  [0.24-0.27] [0.14-0.20]
up mean a=1                      0.34   0.22  0.39   0.57
up mean a=1 SHUF x10 mean        0.33   0.24  [0.31-0.35] [0.23-0.25]

279 experiments, 155 TFs; 197 experiments (71%) whose perturbed TF has a CollecTRI self-edge surviving tmin=5, 82 without; 0 whose gene is not in the scored matrix at all
self-edges in the pruned network: 412 of 766 TFs

(1) plain ULM unmasked vs own-gene-masked, split by self-edge (better/worse = masked vs unmasked ULM, within group)
group                              top10   hits/n    top5  better worse
self-edge: unmasked                0.538   106/197  0.426  0.00   0.00
self-edge: MASKED                  0.386    76/197  0.315  0.11   0.81
no self-edge: unmasked             0.244    20/82   0.183  0.00   0.00
no self-edge: MASKED               0.244    20/82   0.195  0.24   0.07

(2) decomposition of the 0.45 -> 0.34 drop, all experiments (better/worse vs unmasked full-network ULM)
variant                            top10   hits/n    top5  better worse
ulm (full net)                     0.452   126/279  0.355  0.00   0.00
no self-edge                       0.344    96/279  0.272  0.06   0.59
no other regulon                   0.455   127/279  0.366  0.41   0.04
gene off network                   0.348    97/279  0.283  0.15   0.58
masked (leak.py)                   0.344    96/279  0.280  0.15   0.59
    same, restricted to the self-edge group
  ulm (full net)                   0.538   106/197  0.426  0.00   0.00
  no self-edge                     0.386    76/197  0.310  0.09   0.84
  no other regulon                 0.543   107/197  0.437  0.48   0.04
  gene off network                 0.391    77/197  0.320  0.11   0.81
  masked (leak.py)                 0.386    76/197  0.315  0.11   0.81
    same, restricted to the NO-self-edge group
  ulm (full net)                   0.244    20/82   0.183  0.00   0.00
  no self-edge                     0.244    20/82   0.183  0.00   0.00
  no other regulon                 0.244    20/82   0.195  0.24   0.04
  gene off network                 0.244    20/82   0.195  0.24   0.04
  masked (leak.py)                 0.244    20/82   0.195  0.24   0.07

(3) same decomposition under up/sum/alpha=0.5 propagation (0.57 unmasked -> 0.28 masked in F-004; better/worse vs unmasked plain ULM)
variant + propagation              top10   hits/n    top5  better worse
ulm (full net)                     0.566   158/279  0.473  0.59   0.37
no self-edge                       0.538   150/279  0.434  0.57   0.39
no other regulon                   0.326    91/279  0.222  0.35   0.64
gene off network                   0.280    78/279  0.186  0.33   0.66
masked (leak.py)                   0.276    77/279  0.165  0.32   0.66
    same, restricted to the self-edge group
  ulm (full net)                   0.660   130/197  0.569  0.59   0.38
  no self-edge                     0.619   122/197  0.513  0.56   0.41
  no other regulon                 0.376    74/197  0.259  0.29   0.70
  gene off network                 0.310    61/197  0.208  0.26   0.73
  masked (leak.py)                 0.310    61/197  0.178  0.26   0.73
    same, restricted to the NO-self-edge group
  ulm (full net)                   0.341    28/82   0.244  0.60   0.35
  no self-edge                     0.341    28/82   0.244  0.60   0.35
  no other regulon                 0.207    17/82   0.134  0.49   0.49
  gene off network                 0.207    17/82   0.134  0.49   0.49
  masked (leak.py)                 0.195    16/82   0.134  0.48   0.50

============================================================================================================================================
PART A -- sign interventions on MASKED ULM (own gene zeroed throughout), re-pruned to tmin=5 where edges are removed
  network: 42990 edges, 5822 at -1, 21699 default activation; masked-ULM baseline 96/279 top-10%, 78/279 top-5%
  'uns' = experiments that become unscoreable (TF drops below tmin=5); 'top10/279' counts those as misses; everything right of it is the PAIRED common scoreable set.
  gn/ls = hits gained/lost vs masked ULM, McNem = exact two-sided McNemar on those.

  variant                 n  uns  top10/279     top10 common     top5 common   bet  wor   gn  ls  McNem  d(top10) [TF-cluster 95% CI]
  0 masked ULM          279    0   96/279   96/279  0.344   78/279  0.280  0.00 0.00    0   0  1.000  +0.000 [+0.000,+0.000]
  1 sign-erased         279    0   81/279   81/279  0.290   55/279  0.197  0.43 0.53   16  31  0.040  -0.054 [-0.119,+0.010]
  2 no-default          253   26   86/279   86/253  0.340   69/253  0.273  0.42 0.58   13  22  0.175  -0.036 [-0.094,+0.022]

  [3/4] 316 TFs have PMID-majority-repressing signs; 197 of them also carry 3207 default-activation edges.

  3 flip-default-rep    279    0   96/279   96/279  0.344   73/279  0.262  0.40 0.46    7   7  1.000  +0.000 [-0.025,+0.023]
  4 drop-default-rep    271    8   98/279   98/271  0.362   78/271  0.288  0.37 0.63    5   3  0.727  +0.007 [-0.010,+0.027]

  5a rand-flip s0       279    0   83/279   83/279  0.297   59/279  0.211  0.42 0.55   18  31  0.085  -0.047 [-0.106,+0.013]
  5a rand-flip s1       279    0   87/279   87/279  0.312   64/279  0.229  0.40 0.55   14  23  0.188  -0.032 [-0.076,+0.011]
  5a rand-flip s2       279    0   86/279   86/279  0.308   64/279  0.229  0.35 0.59   12  22  0.121  -0.036 [-0.077,+0.007]
  5a rand-flip s3       279    0   99/279   99/279  0.355   70/279  0.251  0.39 0.56   20  17  0.743  +0.011 [-0.036,+0.055]
  5a rand-flip s4       279    0   88/279   88/279  0.315   61/279  0.219  0.36 0.58   17  25  0.280  -0.029 [-0.078,+0.019]
  5a rand-flip MEAN                88.6/279  [83-99] top10, [59-70] top5 over 5 seeds

  5b rand-drop-perTF s0  253   26   76/279   76/253  0.300   58/253  0.229  0.39 0.61   10  29  0.003  -0.075 [-0.136,-0.020]
  5b rand-drop-perTF s1  253   26   74/279   74/253  0.292   58/253  0.229  0.36 0.64   10  31  0.001  -0.083 [-0.140,-0.028]
  5b rand-drop-perTF s2  253   26   84/279   84/253  0.332   63/253  0.249  0.43 0.57   11  22  0.080  -0.043 [-0.096,+0.008]
  5b rand-drop-perTF s3  253   26   85/279   85/253  0.336   62/253  0.245  0.42 0.58   15  25  0.154  -0.040 [-0.096,+0.017]
  5b rand-drop-perTF s4  253   26   77/279   77/253  0.304   59/253  0.233  0.39 0.61    7  25  0.002  -0.071 [-0.114,-0.030]
  5b rand-drop-perTF MEAN             79.2/279  [74-85] top10, [58-63] top5 over 5 seeds

  unscoreable under 2 no-default: 26 experiments, TFs ['ARID1A', 'BCLAF1', 'ELF5', 'GRHL3', 'HINFP', 'HOXC6', 'IRF6', 'KLF7', 'NFE2L1', 'NKRF', 'RFX5', 'SIX4', 'SMARCC1', 'SOX7', 'SSRP1', 'TOX', 'TRIM28', 'ZBTB33', 'ZFX', 'ZIC2', 'ZNF91']; 1 of them were masked-ULM hits

  unscoreable under 4 drop-default-rep: 8 experiments, TFs ['ELF5', 'HINFP', 'TRIM28', 'ZBTB33', 'ZFX', 'ZNF91']; 0 of them were masked-ULM hits

  shuffled-network control: NO intervention exceeds masked ULM's 96/279 by more than its bootstrap CI, so no gain is claimed and no shuffled-network row is run (it would be a null for a null result).

============================================================================================================================================
PART B -- pre-stated test of V-017's post hoc lead: PMID-majority-REPRESSING TFs with default edges rank worse under masked ULM

  class                   exps  TFs  med.size       top10        top5  med.rank  med own logFC
  repressor-majority        43   25        45   5/43  0.116   3/43  0.070     0.372         -1.761
  activator-majority       154   85        93  66/154 0.429  55/154 0.357     0.142         -1.715
  no default edges          69   35        88  23/69  0.333  18/69  0.261     0.262         -1.739
  tie / no PMID             13   10        15   2/13  0.154   2/13  0.154     0.483         -1.848

  TF-level (25 repressor-majority vs 85 activator-majority TFs):
    median of per-TF median masked rank fraction : 0.385 vs 0.206
    mean   of per-TF mean   masked rank fraction : 0.387 vs 0.323
    median regulon size                          : 27 vs 62
    median own logFC (knockdown efficiency)      : -1.780 vs -1.657   Mann-Whitney p = 0.792
    Mann-Whitney on per-TF median rank fraction  : p = 0.101

  PRIMARY  (pre-stated): TF-level median masked rank fraction, repressor minus activator
    observed +0.179 (medians 0.385 vs 0.206); permutation within size bin, two-sided p = 0.1582
  SECONDARY: experiment-level top-10% rate, repressor minus activator
    observed -0.312 (5/43 vs 66/154); permutation within size bin, two-sided p = 0.0042

  per size bin (repressor vs activator, top-10% hits/exps):
    <=60       2/24   (19 TFs, med rank 0.426)   13/53   (41 TFs, med rank 0.228) 
    61-150     3/19   ( 6 TFs, med rank 0.321)   21/45   (23 TFs, med rank 0.125) 
    >150       0/0    ( 0 TFs, med rank nan)     32/56   (21 TFs, med rank 0.042) 

  mechanistic: composition of the SCORED regulon (|weight| is 1 for every CollecTRI edge, so weight mass == edge count)
    class                   default activation +1                PMID +1                PMID -1          regulon +1/-1
    repressor-majority                      0.588                  0.117                  0.235                  0.000
    activator-majority                      0.571                  0.333                  0.083                  0.000

  PMID-signed edges only (re-pruned to tmin=5), masked, on the COMMON scoreable set:
    class                   n common   masked ULM    PMID-only  gained   lost
    repressor-majority            35     5/35         7/35           3      1
    activator-majority           145    65/145       56/145         10     19
    no default edges              67    23/67        23/67           1      1
    tie / no PMID                  4     2/4          2/4            0      0
    ALL                          251    95/251       88/251         14     21
