ulm            top10%=0.45 top5%=0.35
ulm hub_corr (mean |score| vs TF-TF degree) = 0.63
direction norm  alpha  top10  top5  better  worse  hub_corr
       up  sum   0.50   0.57  0.47    0.59   0.37      0.85
       up  sum   0.25   0.57  0.48    0.63   0.33      0.87
     both  sum   0.25   0.55  0.44    0.58   0.38      0.92
       up  sum   1.00   0.55  0.44    0.58   0.39      0.85
       up  sum   2.00   0.54  0.43    0.57   0.41      0.84
     both  sum   0.50   0.53  0.43    0.55   0.42      0.92
     both  sum   1.00   0.53  0.42    0.53   0.46      0.92
     both  sum   2.00   0.52  0.41    0.53   0.45      0.92
       up mean   1.00   0.51  0.42    0.61   0.33      0.32
       up mean   2.00   0.51  0.38    0.54   0.42      0.10
       up mean   0.50   0.49  0.41    0.65   0.25      0.52
     both mean   1.00   0.49  0.38    0.51   0.43      0.32
     both mean   0.50   0.48  0.37    0.54   0.35      0.51
       up mean   0.25   0.47  0.39    0.68   0.20      0.60
     both mean   0.25   0.46  0.36    0.59   0.27      0.59
     both mean   2.00   0.45  0.34    0.43   0.53      0.07
     down mean   0.25   0.45  0.35    0.39   0.46      0.59
     down mean   0.50   0.43  0.34    0.36   0.55      0.50
     down  sum   0.25   0.42  0.28    0.43   0.53      0.80
     down mean   1.00   0.41  0.29    0.32   0.62      0.29
     down  sum   0.50   0.38  0.27    0.41   0.57      0.81
     down  sum   1.00   0.35  0.23    0.38   0.61      0.82
     down  sum   2.00   0.33  0.21    0.36   0.63      0.82
     down mean   2.00   0.32  0.19    0.29   0.68      0.01

variant                          top10  top5  better worse
ulm                              0.45   0.35  0.00   0.00
up sum a=0.5                     0.57   0.47  0.59   0.37
up sum a=0.5 SHUF x10 mean       0.31   0.19  [0.28-0.33] [0.16-0.22]
up mean a=1                      0.51   0.42  0.61   0.33
up mean a=1 SHUF x10 mean        0.42   0.31  [0.41-0.43] [0.30-0.32]
ulm + 0.5*own mRNA               0.66   0.56  0.91   0.01
ulm + 1*own mRNA                 0.77   0.67  0.91   0.02
ulm + 2*own mRNA                 0.94   0.86  0.89   0.03
ulm + 1*own + up mean a=1        0.77   0.66  0.85   0.09

variant (own mRNA masked)        top10  top5  better worse
ulm                              0.34   0.28  0.00   0.00
up sum a=0.5                     0.28   0.16  0.42   0.57
up sum a=0.5 SHUF x10 mean       0.26   0.16  [0.24-0.27] [0.14-0.20]
up mean a=1                      0.34   0.22  0.39   0.57
up mean a=1 SHUF x10 mean        0.33   0.24  [0.31-0.35] [0.23-0.25]

279 experiments, 155 TFs; 197 experiments (71%) whose perturbed TF has a CollecTRI self-edge surviving tmin=5, 82 without; 0 whose gene is not in the scored matrix at all
self-edges in the pruned network: 412 of 766 TFs

(1) plain ULM unmasked vs own-gene-masked, split by self-edge (better/worse = masked vs unmasked ULM, within group)
group                              top10   hits/n    top5  better worse
self-edge: unmasked                0.538   106/197  0.426  0.00   0.00
self-edge: MASKED                  0.386    76/197  0.315  0.11   0.81
no self-edge: unmasked             0.244    20/82   0.183  0.00   0.00
no self-edge: MASKED               0.244    20/82   0.195  0.24   0.07

(2) decomposition of the 0.45 -> 0.34 drop, all experiments (better/worse vs unmasked full-network ULM)
variant                            top10   hits/n    top5  better worse
ulm (full net)                     0.452   126/279  0.355  0.00   0.00
no self-edge                       0.344    96/279  0.272  0.06   0.59
no other regulon                   0.455   127/279  0.366  0.41   0.04
gene off network                   0.348    97/279  0.283  0.15   0.58
masked (leak.py)                   0.344    96/279  0.280  0.15   0.59
    same, restricted to the self-edge group
  ulm (full net)                   0.538   106/197  0.426  0.00   0.00
  no self-edge                     0.386    76/197  0.310  0.09   0.84
  no other regulon                 0.543   107/197  0.437  0.48   0.04
  gene off network                 0.391    77/197  0.320  0.11   0.81
  masked (leak.py)                 0.386    76/197  0.315  0.11   0.81
    same, restricted to the NO-self-edge group
  ulm (full net)                   0.244    20/82   0.183  0.00   0.00
  no self-edge                     0.244    20/82   0.183  0.00   0.00
  no other regulon                 0.244    20/82   0.195  0.24   0.04
  gene off network                 0.244    20/82   0.195  0.24   0.04
  masked (leak.py)                 0.244    20/82   0.195  0.24   0.07

(3) same decomposition under up/sum/alpha=0.5 propagation (0.57 unmasked -> 0.28 masked in F-004; better/worse vs unmasked plain ULM)
variant + propagation              top10   hits/n    top5  better worse
ulm (full net)                     0.566   158/279  0.473  0.59   0.37
no self-edge                       0.538   150/279  0.434  0.57   0.39
no other regulon                   0.326    91/279  0.222  0.35   0.64
gene off network                   0.280    78/279  0.186  0.33   0.66
masked (leak.py)                   0.276    77/279  0.165  0.32   0.66
    same, restricted to the self-edge group
  ulm (full net)                   0.660   130/197  0.569  0.59   0.38
  no self-edge                     0.619   122/197  0.513  0.56   0.41
  no other regulon                 0.376    74/197  0.259  0.29   0.70
  gene off network                 0.310    61/197  0.208  0.26   0.73
  masked (leak.py)                 0.310    61/197  0.178  0.26   0.73
    same, restricted to the NO-self-edge group
  ulm (full net)                   0.341    28/82   0.244  0.60   0.35
  no self-edge                     0.341    28/82   0.244  0.60   0.35
  no other regulon                 0.207    17/82   0.134  0.49   0.49
  gene off network                 0.207    17/82   0.134  0.49   0.49
  masked (leak.py)                 0.195    16/82   0.134  0.48   0.50
279 experiments, 155 TFs, top-10% hit rate 0.45, beaten by a neighbour 0.56

by size:
           miss  fam_miss   n
size_bin                    
low       0.68      0.62  93
mid       0.49      0.55  95
high      0.47      0.51  91

by max_jac:
              miss  fam_miss    n
max_jac_bin                     
low          0.57      0.56   96
mid          0.60      0.61  100
high         0.46      0.49   83

most-missed TFs:
         n  miss  fam_miss  size   jac      nb
tf                                           
AR      4  1.00      1.00   514  0.17    ESR1
ATF3    3  1.00      1.00   110  0.15   DDIT3
HOXB7   3  1.00      0.67    23  0.10  HOXA11
PBX1    3  1.00      0.33    62  0.14  PKNOX1
SMAD2   3  1.00      0.33   108  0.37   SMAD3
SOX11   4  0.75      0.75    12  0.06  POU4F3
SP1     3  0.67      0.33  1304  0.29     SP3
FLI1    6  0.67      1.00    97  0.32   EWSR1
STAT1   6  0.67      1.00   305  0.20   STAT3
STAT3  10  0.60      0.60   437  0.20   STAT1
YBX1    6  0.50      0.50    92  0.09   FOXM1
KLF5    4  0.50      0.50    76  0.11    KLF4
NR2F2   6  0.50      0.17    79  0.20   NR2F1
TP53    8  0.38      0.38   980  0.20     SP1
FOXA1   3  0.33      0.00    70  0.20   FOXA2

=== TF LEVEL: 155 TFs over 279 experiments (median experiments/TF 1, max 10; 52 TFs appear more than once) ===

(1) baselines, one row per TF (median rank fraction; better/worse vs ULM, per TF)
variant                            top10   hits/n    top5  better worse
ulm (full net)                     0.361   56/155  0.258  0.00   0.00
no self-edge                       0.265   41/155  0.187  0.07   0.52
masked                             0.265   41/155  0.194  0.17   0.54
    self-edge TFs only
  ulm                              0.469   45/96   0.354  0.00   0.00
  noself                           0.312   30/96   0.240  0.11   0.83
  masked                           0.312   30/96   0.240  0.14   0.81
    no-self-edge TFs only
  ulm                              0.186   11/59   0.102  0.00   0.00
  noself                           0.186   11/59   0.102  0.00   0.00
  masked                           0.186   11/59   0.119  0.24   0.08
  experiment level for reference (F-001/F-010): ulm 0.452  no self-edge 0.344  masked 0.344
  other collapse rule (mean over TFs of that TF's experiment-level hit rate, which is what V-010's scratch run reported): ulm 0.398  no self-edge 0.277  masked 0.278

(2) F-002 stratification at TF level (miss = median fraction > 0.10; terciles over TFs)

by size (TF level):
           n  exps  miss_ulm  miss_noself  miss_masked    med
size_bin                                                     
low       53    69      0.83        0.887        0.887   11.0
mid       50    78      0.58        0.740        0.740   52.5
high      52   132      0.50        0.577        0.577  151.5
  experiment level (F-002/V-002):  {'low': 0.68, 'mid': 0.49, 'high': 0.47}

by max_jac (TF level):
              n  exps  miss_ulm  miss_noself  miss_masked    med
max_jac_bin                                                     
low          52    84     0.673        0.788        0.788  0.099
mid          54    87     0.704        0.778        0.778  0.149
high         49   108     0.531        0.633        0.633  0.222
  experiment level (F-002/V-002):  {'low': 0.57, 'mid': 0.6, 'high': 0.46}

size x overlap, ULM miss rate (TF level):
max_jac_bin   low   mid  high
size_bin                     
low          0.76  0.91  0.83
mid          0.50  0.75  0.50
high         0.73  0.38  0.48
n TFs per cell:
max_jac_bin  low  mid  high
size_bin                   
low           25   22     6
mid           16   16    18
high          11   16    25
  Spearman(median fraction, max_jac) = -0.083; vs size = -0.203

(3) size-matched, self-edge REMOVED (nearest neighbour on log10 target count, with replacement)
    no-self-edge TFs n=59 median 22 targets, hit10 0.186
    matched self-edge TFs (distinct 28 of 96) median 36 mean / 21 median targets, hit10 0.169
    difference -0.017  bootstrap 95% CI over the 59 matched pairs [-0.153, +0.119] (seed 0, 10000 draws)
    match quality: median |log10 size gap| 0.013 (x1.03), max 0.109 (x1.29); 0% of pairs differ by more than 2x
    unmatched for contrast: self-edge TFs with self-edge removed 0.312 (n=96), unmasked 0.469

(4) the 12 TFs with a -1 CollecTRI self-edge (V-011), vs 84 with +1
        n  size  max_jac    ulm  noself  masked
tf                                             
MYC     2   887    0.159  0.001   0.001   0.001
HIF1A   7   463    0.164  0.014   0.009   0.008
FOS     1   344    0.317  0.884   0.867   0.868
CTNNB1  1   341    0.235  0.952   0.783   0.798
YY1     1   266    0.114  0.594   0.521   0.525
WT1     1   156    0.113  0.418   0.326   0.316
ATF3    3   110    0.148  0.469   0.390   0.385
BCL6    1   101    0.150  0.003   0.001   0.001
CEBPD   1    97    0.166  0.232   0.129   0.125
MSX1    1    27    0.139  0.149   0.031   0.033
NR2E1   1    17    0.091  0.235   0.095   0.098
ZHX2    1    11    0.143  0.813   0.299   0.312
    -1 median 133 targets, +1 median 78, no self-edge median 22

size bins (targets):
         neg_n  pos_n  noself_n  neg_hit10_noself  pos_hit10_noself
sbin                                                               
<=60         3     30        50              0.67              0.17
61-150       3     35         8              0.33              0.29
151-400      4     12         1              0.00              0.50
>400         2      7         0              1.00              0.57
    largest -1 cell = 4 TFs; V-011 expects 3 or fewer per bin -> UNANSWERABLE IN KNOCKTF: no size bin holds enough -1 TFs to match against the +1 TFs; counts above, no number forced.

(5) TIE-AVERAGED size match, self-edge REMOVED (each no-self-edge TF matched to ALL self-edge TFs at the minimum |log10 target count| distance)
    ties per no-self-edge TF: median 1, max 3; 42% of the 59 TFs have more than one nearest self-edge TF
    distinct self-edge TFs used 36 of 96 (argmin in (3) used 28); median |log10 gap| 0.013 (x1.03), max 0.109 (x1.29)
    matched self-edge 0.203 vs no-self-edge 0.186, difference +0.017   ((3)'s argmin: -0.017; unmatched 0.312 vs 0.186 = +0.126)

(6) two-pool bootstrap (both TF pools resampled independently and RE-MATCHED inside each draw; tie-averaged matcher, numpy seed 0, 5000 draws)
    matched difference     +0.017  95% CI [-0.169, +0.233]  (block (3)'s pairs-only CI was [-0.153, +0.119], width 0.271 vs 0.403)
    unmatched difference   +0.126  95% CI [-0.011, +0.260]
    unmatched minus matched +0.111  95% CI [-0.078, +0.271]   P(<= 0) = 0.12
    P(matched draw >= the unmatched 0.126) = 0.14; matched CI contains 0: True, contains the unmatched gap: True
    -> the matched difference is about 0, but these data cannot tell 'size matching removes the gap' from 'size matching does nothing to it' (V-014 (d))

(7) same stratification at the EXPERIMENT-level tercile cut points, TF rows vs experiment rows (F-014's (2) used TF-level cut points, which are different strata)

by size, cut at 48.3 / 110 (experiment-level terciles):
           n_tf  miss_ulm  miss_noself    med  n_exp  miss_exp
size_ebin                                                     
low          72     0.736        0.819   16.0     93     0.677
mid          46     0.565        0.717   75.0     95     0.495
high         37     0.541        0.595  206.0     91     0.473
  low minus high: TF level +0.196, experiment level +0.205 -> same gradient; at block (2)'s TF-level cut points it was +0.330

by max_jac, cut at 0.125 / 0.197 (experiment-level terciles):
              n_tf  miss_ulm  miss_noself    med  n_exp  miss_exp
max_jac_ebin                                                     
low             62     0.694        0.806  0.100     96     0.573
mid             50     0.700        0.760  0.158    100     0.600
high            43     0.488        0.605  0.232     83     0.458
  low minus high: TF level +0.205, experiment level +0.115 -> gradients differ by +0.090; at block (2)'s TF-level cut points it was +0.142

(8) lower-median collapse (ties among a TF's experiments go the OTHER way; pandas' median averages the two middle values, so 26 two-experiment TFs need both to hit)
variant                            top10   hits/n    top5  better worse
lower-median ulm                   0.452   70/155  0.316  0.00   0.00
lower-median no self-edge          0.297   46/155  0.213  0.07   0.50
lower-median masked                0.297   46/155  0.219  0.17   0.52
    for comparison, the median rule above: ulm 56/155, no self-edge 41/155, masked 41/155
